#-----------------------------------------------------------
# Vivado v2024.2 (64-bit)
# SW Build 5239630 on Fri Nov 08 22:34:34 MST 2024
# IP Build 5239520 on Sun Nov 10 16:12:51 MST 2024
# SharedData Build 5239561 on Fri Nov 08 14:39:27 MST 2024
# Start of session at: Sat Mar 15 19:47:18 2025
# Process ID         : 93260
# Current directory  : /home/robert/Downloads/Bachelor/Vivado/Vivado.runs/synth_1
# Command line       : vivado -log MATRIX_VECTOR.vds -product Vivado -mode batch -messageDb vivado.pb -notrace -source MATRIX_VECTOR.tcl
# Log file           : /home/robert/Downloads/Bachelor/Vivado/Vivado.runs/synth_1/MATRIX_VECTOR.vds
# Journal file       : /home/robert/Downloads/Bachelor/Vivado/Vivado.runs/synth_1/vivado.jou
# Running On         : arch
# Platform           : unknown
# Operating System   : unknown
# Processor Detail   : Intel(R) Core(TM) i7-1065G7 CPU @ 1.30GHz
# CPU Frequency      : 2602.786 MHz
# CPU Physical cores : 4
# CPU Logical cores  : 8
# Host memory        : 16494 MB
# Swap memory        : 17179 MB
# Total Virtual      : 33674 MB
# Available Virtual  : 27580 MB
#-----------------------------------------------------------
source MATRIX_VECTOR.tcl -notrace
